// Jest Snapshot v1, https://goo.gl/fbAQLP

exports[`Project component in container project component rendered is the same as snapshot 1`] = `
<div
  className="projectDiv"
  id="projectDiv"
>
  <div
    className="ant-space ant-space-horizontal ant-space-align-center projectSpace"
    onMouseLeave={[Function]}
    style={
      Object {
        "flexWrap": "wrap",
        "marginBottom": "0.5%",
      }
    }
  >
    <div
      className="ant-space-item"
      style={
        Object {
          "marginRight": 4,
          "paddingBottom": 8,
        }
      }
    >
      <button
        className="ant-btn ant-btn-primary"
        onClick={[Function]}
        type="button"
      >
        <span>
          Create Sprint
        </span>
      </button>
    </div>
    <span
      className="ant-space-item-split"
      style={
        Object {
          "marginRight": 4,
          "paddingBottom": 8,
        }
      }
    />
    <div
      className="ant-space-item"
      style={
        Object {
          "marginRight": 4,
          "paddingBottom": 8,
        }
      }
    >
      <button
        className="ant-btn ant-btn-primary"
        onClick={[Function]}
        type="button"
      >
        <span>
          Add Product Backlog Item
        </span>
      </button>
    </div>
    <span
      className="ant-space-item-split"
      style={
        Object {
          "marginRight": 4,
          "paddingBottom": 8,
        }
      }
    />
    <div
      className="ant-space-item"
      style={
        Object {
          "marginRight": 4,
          "paddingBottom": 8,
        }
      }
    >
      <span
        className="ant-input-group-wrapper ant-input-search ant-input-search-with-button"
      >
        <span
          className="ant-input-wrapper ant-input-group"
        >
          <input
            autoComplete="on"
            className="ant-input"
            onBlur={[Function]}
            onChange={[Function]}
            onFocus={[Function]}
            onKeyDown={[Function]}
            onMouseEnter={[Function]}
            placeholder="Input Backlog Item name"
            style={null}
            type="text"
            value=""
          />
          <span
            className="ant-input-group-addon"
          >
            <button
              className="ant-btn ant-btn-primary ant-input-search-button"
              onClick={[Function]}
              onMouseDown={[Function]}
              type="button"
            >
              <span
                aria-label="search"
                className="anticon anticon-search"
                role="img"
              >
                <svg
                  aria-hidden="true"
                  data-icon="search"
                  fill="currentColor"
                  focusable="false"
                  height="1em"
                  viewBox="64 64 896 896"
                  width="1em"
                >
                  <path
                    d="M909.6 854.5L649.9 594.8C690.2 542.7 712 479 712 412c0-80.2-31.3-155.4-87.9-212.1-56.6-56.7-132-87.9-212.1-87.9s-155.5 31.3-212.1 87.9C143.2 256.5 112 331.8 112 412c0 80.1 31.3 155.5 87.9 212.1C256.5 680.8 331.8 712 412 712c67 0 130.6-21.8 182.7-62l259.7 259.6a8.2 8.2 0 0011.6 0l43.6-43.5a8.2 8.2 0 000-11.6zM570.4 570.4C528 612.7 471.8 636 412 636s-116-23.3-158.4-65.6C211.3 528 188 471.8 188 412s23.3-116.1 65.6-158.4C296 211.3 352.2 188 412 188s116.1 23.2 158.4 65.6S636 352.2 636 412s-23.3 116.1-65.6 158.4z"
                  />
                </svg>
              </span>
            </button>
          </span>
        </span>
      </span>
    </div>
    <span
      className="ant-space-item-split"
      style={
        Object {
          "marginRight": 4,
          "paddingBottom": 8,
        }
      }
    />
    <div
      className="ant-space-item"
      style={
        Object {
          "marginRight": 4,
          "paddingBottom": 8,
        }
      }
    >
      <span
        className="ant-badge ant-badge-status"
      >
        <div
          className="ant-btn-group ant-dropdown-button projectDropBtn"
        >
          <button
            className="ant-btn ant-btn-primary ant-dropdown-trigger"
            onClick={[Function]}
            onMouseEnter={[Function]}
            onMouseLeave={[Function]}
            type="button"
          >
            <span
              aria-label="filter"
              className="anticon anticon-filter projectWhIcon"
              role="img"
            >
              <svg
                aria-hidden="true"
                data-icon="filter"
                fill="currentColor"
                focusable="false"
                height="1em"
                viewBox="64 64 896 896"
                width="1em"
              >
                <path
                  d="M880.1 154H143.9c-24.5 0-39.8 26.7-27.5 48L349 597.4V838c0 17.7 14.2 32 31.8 32h262.4c17.6 0 31.8-14.3 31.8-32V597.4L907.7 202c12.2-21.3-3.1-48-27.6-48zM603.4 798H420.6V642h182.9v156zm9.6-236.6l-9.5 16.6h-183l-9.5-16.6L212.7 226h598.6L613 561.4z"
                />
              </svg>
            </span>
            <span>
              Filter
            </span>
          </button>
        </div>
      </span>
    </div>
    <span
      className="ant-space-item-split"
      style={
        Object {
          "marginRight": 4,
          "paddingBottom": 8,
        }
      }
    />
    <div
      className="ant-space-item"
      style={
        Object {
          "marginRight": 4,
          "paddingBottom": 8,
        }
      }
    >
      <span
        className="ant-badge ant-badge-status"
      >
        <div
          className="ant-btn-group ant-dropdown-button projectDropBtn"
        >
          <button
            className="ant-btn ant-btn-primary ant-dropdown-trigger"
            onClick={[Function]}
            onMouseEnter={[Function]}
            onMouseLeave={[Function]}
            type="button"
          >
            <span
              aria-label="down"
              className="anticon anticon-down projectWhIcon"
              prefix="Sort"
              role="img"
            >
              <svg
                aria-hidden="true"
                data-icon="down"
                fill="currentColor"
                focusable="false"
                height="1em"
                viewBox="64 64 896 896"
                width="1em"
              >
                <path
                  d="M884 256h-75c-5.1 0-9.9 2.5-12.9 6.6L512 654.2 227.9 262.6c-3-4.1-7.8-6.6-12.9-6.6h-75c-6.5 0-10.3 7.4-6.5 12.7l352.6 486.1c12.8 17.6 39 17.6 51.7 0l352.6-486.1c3.9-5.3.1-12.7-6.4-12.7z"
                />
              </svg>
            </span>
            <span>
              Sort
            </span>
          </button>
        </div>
      </span>
    </div>
    <span
      className="ant-space-item-split"
      style={
        Object {
          "marginRight": 4,
          "paddingBottom": 8,
        }
      }
    />
    <div
      className="ant-space-item"
      style={
        Object {
          "paddingBottom": 8,
        }
      }
    >
      <div
        className="ant-btn-group ant-dropdown-button projectDropBtn"
      >
        <span
          className="ant-input-affix-wrapper ant-dropdown-trigger projectInputPpl"
          onMouseUp={[Function]}
        >
          <span
            className="ant-input-prefix"
          >
            <span
              aria-label="user"
              className="anticon anticon-user projectColIcon"
              role="img"
            >
              <svg
                aria-hidden="true"
                data-icon="user"
                fill="currentColor"
                focusable="false"
                height="1em"
                viewBox="64 64 896 896"
                width="1em"
              >
                <path
                  d="M858.5 763.6a374 374 0 00-80.6-119.5 375.63 375.63 0 00-119.5-80.6c-.4-.2-.8-.3-1.2-.5C719.5 518 760 444.7 760 362c0-137-111-248-248-248S264 225 264 362c0 82.7 40.5 156 102.8 201.1-.4.2-.8.3-1.2.5-44.8 18.9-85 46-119.5 80.6a375.63 375.63 0 00-80.6 119.5A371.7 371.7 0 00136 901.8a8 8 0 008 8.2h60c4.4 0 7.9-3.5 8-7.8 2-77.2 33-149.5 87.8-204.3 56.7-56.7 132-87.9 212.2-87.9s155.5 31.2 212.2 87.9C779 752.7 810 825 812 902.2c.1 4.4 3.6 7.8 8 7.8h60a8 8 0 008-8.2c-1-47.8-10.9-94.3-29.5-138.2zM512 534c-45.9 0-89.1-17.9-121.6-50.4S340 407.9 340 362c0-45.9 17.9-89.1 50.4-121.6S466.1 190 512 190s89.1 17.9 121.6 50.4S684 316.1 684 362c0 45.9-17.9 89.1-50.4 121.6S557.9 534 512 534z"
                />
              </svg>
            </span>
          </span>
          <input
            className="ant-input"
            onBlur={[Function]}
            onChange={[Function]}
            onFocus={[Function]}
            onKeyDown={[Function]}
            onMouseEnter={[Function]}
            onMouseLeave={[Function]}
            placeholder="Input user login"
            style={null}
            type="search"
            value=""
          />
        </span>
      </div>
    </div>
  </div>
  <div
    className="baccklogScroll"
  >
    <div
      className="ant-table-wrapper"
      style={
        Object {
          "height": "auto",
          "visibility": "visible",
        }
      }
    >
      <div
        className="ant-spin-nested-loading"
      >
        <div
          className="ant-spin-container"
        >
          <div
            className="ant-table ant-table-small ant-table-scroll-horizontal"
          >
            <div
              className="ant-table-container"
            >
              <div
                className="ant-table-content"
                onScroll={[Function]}
                style={
                  Object {
                    "overflowX": "auto",
                    "overflowY": "hidden",
                  }
                }
              >
                <table
                  style={
                    Object {
                      "minWidth": "100%",
                      "tableLayout": "fixed",
                      "width": 800,
                    }
                  }
                >
                  <colgroup>
                    <col
                      className="ant-table-expand-icon-col"
                      style={
                        Object {
                          "width": undefined,
                        }
                      }
                    />
                    <col
                      style={
                        Object {
                          "width": "15%",
                        }
                      }
                    />
                    <col
                      style={
                        Object {
                          "width": "27%",
                        }
                      }
                    />
                    <col
                      style={
                        Object {
                          "width": "15%",
                        }
                      }
                    />
                    <col
                      style={
                        Object {
                          "width": "15%",
                        }
                      }
                    />
                    <col
                      style={
                        Object {
                          "width": "15%",
                        }
                      }
                    />
                    <col
                      style={
                        Object {
                          "width": "8%",
                        }
                      }
                    />
                  </colgroup>
                  <tbody
                    className="ant-table-tbody"
                  >
                    <tr
                      aria-hidden="true"
                      className="ant-table-measure-row"
                      style={
                        Object {
                          "fontSize": 0,
                          "height": 0,
                        }
                      }
                    >
                      <td
                        style={
                          Object {
                            "border": 0,
                            "height": 0,
                            "padding": 0,
                          }
                        }
                      >
                        <div
                          style={
                            Object {
                              "height": 0,
                              "overflow": "hidden",
                            }
                          }
                        >
                           
                        </div>
                      </td>
                      <td
                        style={
                          Object {
                            "border": 0,
                            "height": 0,
                            "padding": 0,
                          }
                        }
                      >
                        <div
                          style={
                            Object {
                              "height": 0,
                              "overflow": "hidden",
                            }
                          }
                        >
                           
                        </div>
                      </td>
                      <td
                        style={
                          Object {
                            "border": 0,
                            "height": 0,
                            "padding": 0,
                          }
                        }
                      >
                        <div
                          style={
                            Object {
                              "height": 0,
                              "overflow": "hidden",
                            }
                          }
                        >
                           
                        </div>
                      </td>
                      <td
                        style={
                          Object {
                            "border": 0,
                            "height": 0,
                            "padding": 0,
                          }
                        }
                      >
                        <div
                          style={
                            Object {
                              "height": 0,
                              "overflow": "hidden",
                            }
                          }
                        >
                           
                        </div>
                      </td>
                      <td
                        style={
                          Object {
                            "border": 0,
                            "height": 0,
                            "padding": 0,
                          }
                        }
                      >
                        <div
                          style={
                            Object {
                              "height": 0,
                              "overflow": "hidden",
                            }
                          }
                        >
                           
                        </div>
                      </td>
                      <td
                        style={
                          Object {
                            "border": 0,
                            "height": 0,
                            "padding": 0,
                          }
                        }
                      >
                        <div
                          style={
                            Object {
                              "height": 0,
                              "overflow": "hidden",
                            }
                          }
                        >
                           
                        </div>
                      </td>
                      <td
                        style={
                          Object {
                            "border": 0,
                            "height": 0,
                            "padding": 0,
                          }
                        }
                      >
                        <div
                          style={
                            Object {
                              "height": 0,
                              "overflow": "hidden",
                            }
                          }
                        >
                           
                        </div>
                      </td>
                    </tr>
                    <tr
                      className="ant-table-row ant-table-row-level-0"
                      data-row-key={0}
                      onClick={[Function]}
                      style={
                        Object {
                          "cursor": "default",
                        }
                      }
                    >
                      <td
                        className="ant-table-cell ant-table-row-expand-icon-cell"
                        colSpan={null}
                        onMouseEnter={[Function]}
                        onMouseLeave={[Function]}
                        rowSpan={null}
                        style={Object {}}
                      >
                        <button
                          aria-label="Collapse row"
                          className="ant-table-row-expand-icon ant-table-row-expand-icon-spaced"
                          onClick={[Function]}
                          type="button"
                        />
                      </td>
                      <td
                        className="ant-table-cell"
                        colSpan={null}
                        onMouseEnter={[Function]}
                        onMouseLeave={[Function]}
                        rowSpan={null}
                        style={
                          Object {
                            "textAlign": "left",
                          }
                        }
                      >
                        <div
                          style={
                            Object {
                              "alignSelf": "flex-start",
                            }
                          }
                        >
                          Product Backlog
                        </div>
                      </td>
                      <td
                        className="ant-table-cell ant-table-cell-ellipsis"
                        colSpan={null}
                        onMouseEnter={[Function]}
                        onMouseLeave={[Function]}
                        rowSpan={null}
                        style={
                          Object {
                            "textAlign": "center",
                          }
                        }
                        title="Product Backlog"
                      >
                        Product Backlog
                      </td>
                      <td
                        className="ant-table-cell"
                        colSpan={null}
                        onMouseEnter={[Function]}
                        onMouseLeave={[Function]}
                        rowSpan={null}
                        style={
                          Object {
                            "textAlign": "center",
                          }
                        }
                      >
                        <span
                          hidden={true}
                        >
                          <span
                            aria-label="calendar"
                            className="anticon anticon-calendar"
                            role="img"
                          >
                            <svg
                              aria-hidden="true"
                              data-icon="calendar"
                              fill="currentColor"
                              focusable="false"
                              height="1em"
                              viewBox="64 64 896 896"
                              width="1em"
                            >
                              <path
                                d="M880 184H712v-64c0-4.4-3.6-8-8-8h-56c-4.4 0-8 3.6-8 8v64H384v-64c0-4.4-3.6-8-8-8h-56c-4.4 0-8 3.6-8 8v64H144c-17.7 0-32 14.3-32 32v664c0 17.7 14.3 32 32 32h736c17.7 0 32-14.3 32-32V216c0-17.7-14.3-32-32-32zm-40 656H184V460h656v380zM184 392V256h128v48c0 4.4 3.6 8 8 8h56c4.4 0 8-3.6 8-8v-48h256v48c0 4.4 3.6 8 8 8h56c4.4 0 8-3.6 8-8v-48h128v136H184z"
                              />
                            </svg>
                          </span>
                           
                        </span>
                      </td>
                      <td
                        className="ant-table-cell"
                        colSpan={null}
                        onMouseEnter={[Function]}
                        onMouseLeave={[Function]}
                        rowSpan={null}
                        style={
                          Object {
                            "textAlign": "center",
                          }
                        }
                      >
                        <div
                          hidden={true}
                        >
                          0 Story Points
                        </div>
                      </td>
                      <td
                        className="ant-table-cell"
                        colSpan={null}
                        onMouseEnter={[Function]}
                        onMouseLeave={[Function]}
                        rowSpan={null}
                        style={
                          Object {
                            "textAlign": "center",
                          }
                        }
                      >
                        <span
                          className="ant-tag transparentItem"
                          style={
                            Object {
                              "backgroundColor": undefined,
                            }
                          }
                        >
                          <span>
                            Not Finished
                             
                            <span
                              aria-label="edit"
                              className="anticon anticon-edit"
                              role="img"
                            >
                              <svg
                                aria-hidden="true"
                                data-icon="edit"
                                fill="currentColor"
                                focusable="false"
                                height="1em"
                                viewBox="64 64 896 896"
                                width="1em"
                              >
                                <path
                                  d="M257.7 752c2 0 4-.2 6-.5L431.9 722c2-.4 3.9-1.3 5.3-2.8l423.9-423.9a9.96 9.96 0 000-14.1L694.9 114.9c-1.9-1.9-4.4-2.9-7.1-2.9s-5.2 1-7.1 2.9L256.8 538.8c-1.5 1.5-2.4 3.3-2.8 5.3l-29.5 168.2a33.5 33.5 0 009.4 29.8c6.6 6.4 14.9 9.9 23.8 9.9zm67.4-174.4L687.8 215l73.3 73.3-362.7 362.6-88.9 15.7 15.6-89zM880 836H144c-17.7 0-32 14.3-32 32v36c0 4.4 3.6 8 8 8h784c4.4 0 8-3.6 8-8v-36c0-17.7-14.3-32-32-32z"
                                />
                              </svg>
                            </span>
                          </span>
                        </span>
                      </td>
                      <td
                        className="ant-table-cell"
                        colSpan={null}
                        onMouseEnter={[Function]}
                        onMouseLeave={[Function]}
                        rowSpan={null}
                        style={
                          Object {
                            "textAlign": "right",
                          }
                        }
                      >
                        <button
                          className="ant-btn ant-btn-link ant-btn-sm"
                          hidden={true}
                          onClick={[Function]}
                          type="button"
                        >
                          <span>
                            Update
                          </span>
                        </button>
                      </td>
                    </tr>
                  </tbody>
                </table>
              </div>
            </div>
          </div>
        </div>
      </div>
    </div>
    <div
      className="ant-table-wrapper"
      style={
        Object {
          "height": "auto",
          "visibility": "hidden",
        }
      }
    >
      <div
        className="ant-spin-nested-loading"
      >
        <div
          className="ant-spin-container"
        >
          <div
            className="ant-table ant-table-small ant-table-empty ant-table-scroll-horizontal"
          >
            <div
              className="ant-table-container"
            >
              <div
                className="ant-table-content"
                onScroll={[Function]}
                style={
                  Object {
                    "overflowX": "auto",
                    "overflowY": "hidden",
                  }
                }
              >
                <table
                  style={
                    Object {
                      "minWidth": "100%",
                      "tableLayout": "fixed",
                      "width": 800,
                    }
                  }
                >
                  <colgroup>
                    <col
                      className="ant-table-expand-icon-col"
                      style={
                        Object {
                          "width": undefined,
                        }
                      }
                    />
                    <col
                      style={
                        Object {
                          "width": "15%",
                        }
                      }
                    />
                    <col
                      style={
                        Object {
                          "width": "27%",
                        }
                      }
                    />
                    <col
                      style={
                        Object {
                          "width": "15%",
                        }
                      }
                    />
                    <col
                      style={
                        Object {
                          "width": "15%",
                        }
                      }
                    />
                    <col
                      style={
                        Object {
                          "width": "15%",
                        }
                      }
                    />
                    <col
                      style={
                        Object {
                          "width": "8%",
                        }
                      }
                    />
                  </colgroup>
                  <tbody
                    className="ant-table-tbody"
                  >
                    <tr
                      aria-hidden="true"
                      className="ant-table-measure-row"
                      style={
                        Object {
                          "fontSize": 0,
                          "height": 0,
                        }
                      }
                    >
                      <td
                        style={
                          Object {
                            "border": 0,
                            "height": 0,
                            "padding": 0,
                          }
                        }
                      >
                        <div
                          style={
                            Object {
                              "height": 0,
                              "overflow": "hidden",
                            }
                          }
                        >
                           
                        </div>
                      </td>
                      <td
                        style={
                          Object {
                            "border": 0,
                            "height": 0,
                            "padding": 0,
                          }
                        }
                      >
                        <div
                          style={
                            Object {
                              "height": 0,
                              "overflow": "hidden",
                            }
                          }
                        >
                           
                        </div>
                      </td>
                      <td
                        style={
                          Object {
                            "border": 0,
                            "height": 0,
                            "padding": 0,
                          }
                        }
                      >
                        <div
                          style={
                            Object {
                              "height": 0,
                              "overflow": "hidden",
                            }
                          }
                        >
                           
                        </div>
                      </td>
                      <td
                        style={
                          Object {
                            "border": 0,
                            "height": 0,
                            "padding": 0,
                          }
                        }
                      >
                        <div
                          style={
                            Object {
                              "height": 0,
                              "overflow": "hidden",
                            }
                          }
                        >
                           
                        </div>
                      </td>
                      <td
                        style={
                          Object {
                            "border": 0,
                            "height": 0,
                            "padding": 0,
                          }
                        }
                      >
                        <div
                          style={
                            Object {
                              "height": 0,
                              "overflow": "hidden",
                            }
                          }
                        >
                           
                        </div>
                      </td>
                      <td
                        style={
                          Object {
                            "border": 0,
                            "height": 0,
                            "padding": 0,
                          }
                        }
                      >
                        <div
                          style={
                            Object {
                              "height": 0,
                              "overflow": "hidden",
                            }
                          }
                        >
                           
                        </div>
                      </td>
                      <td
                        style={
                          Object {
                            "border": 0,
                            "height": 0,
                            "padding": 0,
                          }
                        }
                      >
                        <div
                          style={
                            Object {
                              "height": 0,
                              "overflow": "hidden",
                            }
                          }
                        >
                           
                        </div>
                      </td>
                    </tr>
                    <tr
                      className="ant-table-placeholder"
                      style={
                        Object {
                          "cursor": "default",
                          "display": null,
                        }
                      }
                    >
                      <td
                        className="ant-table-cell"
                        colSpan={7}
                        onMouseEnter={[Function]}
                        onMouseLeave={[Function]}
                        rowSpan={null}
                        style={Object {}}
                      >
                        <div
                          className="ant-table-expanded-row-fixed"
                          style={
                            Object {
                              "left": 0,
                              "overflow": "hidden",
                              "position": "sticky",
                              "width": 0,
                            }
                          }
                        >
                          <div
                            className="ant-empty ant-empty-normal"
                          >
                            <div
                              className="ant-empty-image"
                            >
                              <svg
                                className="ant-empty-img-simple"
                                height="41"
                                viewBox="0 0 64 41"
                                width="64"
                                xmlns="http://www.w3.org/2000/svg"
                              >
                                <g
                                  fill="none"
                                  fillRule="evenodd"
                                  transform="translate(0 1)"
                                >
                                  <ellipse
                                    className="ant-empty-img-simple-ellipse"
                                    cx="32"
                                    cy="33"
                                    rx="32"
                                    ry="7"
                                  />
                                  <g
                                    className="ant-empty-img-simple-g"
                                    fillRule="nonzero"
                                  >
                                    <path
                                      d="M55 12.76L44.854 1.258C44.367.474 43.656 0 42.907 0H21.093c-.749 0-1.46.474-1.947 1.257L9 12.761V22h46v-9.24z"
                                    />
                                    <path
                                      className="ant-empty-img-simple-path"
                                      d="M41.613 15.931c0-1.605.994-2.93 2.227-2.931H55v18.137C55 33.26 53.68 35 52.05 35h-40.1C10.32 35 9 33.259 9 31.137V13h11.16c1.233 0 2.227 1.323 2.227 2.928v.022c0 1.605 1.005 2.901 2.237 2.901h14.752c1.232 0 2.237-1.308 2.237-2.913v-.007z"
                                    />
                                  </g>
                                </g>
                              </svg>
                            </div>
                            <div
                              className="ant-empty-description"
                            >
                              No Sprints
                            </div>
                          </div>
                        </div>
                      </td>
                    </tr>
                  </tbody>
                </table>
              </div>
            </div>
          </div>
        </div>
      </div>
    </div>
  </div>
</div>
`;
